// Jest Snapshot v1, https://goo.gl/fbAQLP

exports[`Renders App with TaskComp 1`] = `
<div>
  <p>
    I'm the task component
  </p>
  <p>
    the user id is 
    5
  </p>
  <div
    id="addTaskBtn"
    onClick={[Function]}
  >
    New Task
  </div>
  <div>
    <form
      method="POST"
      onSubmit={[Function]}
    >
      <label
        for="taskname"
      >
        Title:
      </label>
      <input
        id="taskname"
        required={true}
        type="text"
      />
      <label
        for="taskdesc"
      >
        Description:
      </label>
      <textarea
        id="taskdesc"
        placeholder="(optional)"
      />
      <label
        for="taskdate"
      >
        Date:
      </label>
      <div
        id="taskdate"
      >
        <label
          for="dateD"
        >
          DD:
        </label>
        <input
          id="dateD"
          max="31"
          min="1"
          placeholder="01"
          type="number"
        />
         -
        <label
          for="dateM"
        >
          MM:
        </label>
        <input
          id="dateM"
          max="12"
          min="1"
          placeholder="01"
          type="number"
        />
         -
        <label
          for="dateD"
        >
          YY:
        </label>
        <input
          id="dateY"
          max="2099"
          min={2020}
          placeholder={2020}
          type="number"
        />
      </div>
      <label
        for="tasktime"
      >
        Time:
      </label>
      <div
        id="tasktime"
      >
        <input
          id="timeH"
          max="23"
          min="0"
          placeholder="00"
          type="number"
        />
         :
        <input
          id="timeM"
          max="59"
          min="0"
          placeholder="00"
          type="number"
        />
      </div>
      <button
        type="submit"
      >
        Add!
      </button>
    </form>
  </div>
</div>
`;
